---
source: tests/support/mod.rs
assertion_line: 82
expression: captures
---
- name: _
  line: 1
  column: 1
  text: "public class DefaultPackage {\n    public static void main(String[] args) {\n        System.out.println(\"Hello world!\");\n    }\n}"
- name: java_class_name
  line: 1
  column: 14
  text: DefaultPackage
- name: run
  line: 2
  column: 24
  text: main
- name: _
  line: 1
  column: 1
  text: "public class DefaultPackage {\n    public static void main(String[] args) {\n        System.out.println(\"Hello world!\");\n    }\n}"
- name: java_class_name
  line: 1
  column: 14
  text: DefaultPackage
- name: run
  line: 1
  column: 14
  text: DefaultPackage
- name: method_name
  line: 2
  column: 24
  text: main
