---
source: tests/support/mod.rs
assertion_line: 82
expression: captures
---
- name: java_package_name
  line: 1
  column: 9
  text: org.example
- name: _
  line: 3
  column: 1
  text: "public class MultiLevelPackage {\n    public static void main(String[] args) {\n        System.out.println(\"Hello world!\");\n    }\n}"
- name: java_class_name
  line: 3
  column: 14
  text: MultiLevelPackage
- name: run
  line: 4
  column: 24
  text: main
- name: java_package_name
  line: 1
  column: 9
  text: org.example
- name: _
  line: 3
  column: 1
  text: "public class MultiLevelPackage {\n    public static void main(String[] args) {\n        System.out.println(\"Hello world!\");\n    }\n}"
- name: java_class_name
  line: 3
  column: 14
  text: MultiLevelPackage
- name: run
  line: 3
  column: 14
  text: MultiLevelPackage
- name: method_name
  line: 4
  column: 24
  text: main
